Apr 10 00:00:00 pisces-1 newsyslog[28395]: logfile turned over
113.142.9.75 www.sysu.edu.cn - [10/Apr/2013:00:00:01 +0800] "GET /2012/mainslide/jquery.css HTTP/1.1" 200 3731 "-" "Mozilla/4.0 (compatible; MSIE 6.0; Windows NT 5.0)"
222.200.176.102 www.sysu.edu.cn - [10/Apr/2013:00:00:04 +0800] "GET /2012/images/dotup.png HTTP/1.1" 304 0 "http://www.sysu.edu.cn/2012/cn/index.htm" "Mozilla/4.0 (compatible; MSIE 6.0; Windows NT 5.1; SV1; .NET CLR 2.0.50727; .NET4.0C; .NET4.0E)"
219.222.203.27 www.sysu.edu.cn - [10/Apr/2013:00:00:05 +0800] "GET /2012/images/dotup.png HTTP/1.1" 304 0 "http://www.sysu.edu.cn/2012/cn/index.htm" "Mozilla/4.0 (compatible; MSIE 6.0; Windows NT 5.1; @RTY.L**xlmi{F/12HarZWN6OdlfRf6/87l7,-; SV1)"
123.125.71.22 www.sysu.edu.cn - [10/Apr/2013:00:00:07 +0800] "GET / HTTP/1.1" 200 421 "-" "Mozilla/5.0 (compatible; Baiduspider/2.0; +http://www.baidu.com/search/spider.html)"
10.16.2.5 202.116.64.9 - [10/Apr/2013:00:00:09 +0800] "GET / HTTP/1.1" 200 421 "-" "OpenNMS HttpMonitor"
158.132.255.57 202.116.64.9 - [10/Apr/2013:00:00:09 +0800] "HEAD / HTTP/1.0" 200 0 "-" "HTTPing v1.4.4"
158.132.255.57 202.116.64.9 - [10/Apr/2013:00:00:10 +0800] "HEAD / HTTP/1.0" 200 0 "-" "HTTPing v1.4.4"
123.125.71.56 www.sysu.edu.cn - [10/Apr/2013:00:00:10 +0800] "GET /2012 HTTP/1.1" 301 0 "-" "Mozilla/5.0 (compatible; Baiduspider/2.0; +http://www.baidu.com/search/spider.html)"
123.125.71.35 www.sysu.edu.cn - [10/Apr/2013:00:00:11 +0800] "GET /2012/ HTTP/1.1" 200 1223 "-" "Mozilla/5.0 (compatible; Baiduspider/2.0; +http://www.baidu.com/search/spider.html)"
123.125.71.38 www.sysu.edu.cn - [10/Apr/2013:00:00:11 +0800] "GET /2012/en/index.htm HTTP/1.1" 200 18110 "-" "Mozilla/5.0 (compatible; Baiduspider/2.0; +http://www.baidu.com/search/spider.html)"
158.132.255.57 202.116.64.9 - [10/Apr/2013:00:00:11 +0800] "HEAD / HTTP/1.0" 200 0 "-" "HTTPing v1.4.4"
66.249.74.226 www.sysu.edu.cn - [10/Apr/2013:00:00:12 +0800] "GET /Heart04/get/heart04.html?outline=1 HTTP/1.1" 404 345 "-" "Mozilla/5.0 (compatible; Googlebot/2.1; +http://www.google.com/bot.html)"
158.132.255.57 202.116.64.9 - [10/Apr/2013:00:00:13 +0800] "HEAD / HTTP/1.0" 200 0 "-" "HTTPing v1.4.4"
66.249.74.226 www.sysu.edu.cn - [10/Apr/2013:00:00:13 +0800] "GET /2012/en/news/new04/2744.htm HTTP/1.1" 200 8759 "-" "Mozilla/5.0 (iPhone; U; CPU iPhone OS 4_1 like Mac OS X; en-us) AppleWebKit/532.9 (KHTML, like Gecko) Version/4.0.5 Mobile/8B117 Safari/6531.22.7 (compatible; Googlebot-Mobile/2.1; +http://www.google.com/bot.html)"
158.132.255.57 202.116.64.9 - [10/Apr/2013:00:00:13 +0800] "HEAD / HTTP/1.0" 200 0 "-" "HTTPing v1.4.4"
222.200.176.102 www.sysu.edu.cn - [10/Apr/2013:00:00:14 +0800] "GET /2012/images/dotup.png HTTP/1.1" 304 0 "http://www.sysu.edu.cn/2012/cn/index.htm" "Mozilla/4.0 (compatible; MSIE 6.0; Windows NT 5.1; SV1; .NET CLR 2.0.50727; .NET4.0C; .NET4.0E)"
219.222.203.27 www.sysu.edu.cn - [10/Apr/2013:00:00:15 +0800] "GET /2012/images/dotup.png HTTP/1.1" 304 0 "http://www.sysu.edu.cn/2012/cn/index.htm" "Mozilla/4.0 (compatible; MSIE 6.0; Windows NT 5.1; @RTY.L**xlmi{F/12HarZWN6OdlfRf6/87l7,-; SV1)"
158.132.255.57 202.116.64.9 - [10/Apr/2013:00:00:15 +0800] "HEAD / HTTP/1.0" 200 0 "-" "HTTPing v1.4.4"
158.132.255.57 202.116.64.9 - [10/Apr/2013:00:00:16 +0800] "HEAD / HTTP/1.0" 200 0 "-" "HTTPing v1.4.4"
158.132.255.57 202.116.64.9 - [10/Apr/2013:00:00:17 +0800] "HEAD / HTTP/1.0" 200 0 "-" "HTTPing v1.4.4"
202.181.134.51 202.116.64.9 - [10/Apr/2013:00:00:18 +0800] "HEAD / HTTP/1.0" 200 0 "-" "HTTPing v1.4.4"
123.150.182.173 www.sysu.edu.cn - [10/Apr/2013:00:00:18 +0800] "GET /2012/cn/zdgk/zdgk08/scrollpic.htm HTTP/1.1" 304 0 "http://admission.sysu.edu.cn/" "Mozilla/5.0 (Linux; U; Android 4.0.4; zh-CN; MI 1S Build/IMM76D) AppleWebKit/534.31 (KHTML, like Gecko) UCBrowser/8.8.3.278 U3/0.8.0 Mobile Safari/534.31"
158.132.255.57 202.116.64.9 - [10/Apr/2013:00:00:18 +0800] "HEAD / HTTP/1.0" 200 0 "-" "HTTPing v1.4.4"
222.200.176.102 www.sysu.edu.cn - [10/Apr/2013:00:00:19 +0800] "GET /2012/images/dotup.png HTTP/1.1" 304 0 "http://www.sysu.edu.cn/2012/cn/index.htm" "Mozilla/4.0 (compatible; MSIE 6.0; Windows NT 5.1; SV1; .NET CLR 2.0.50727; .NET4.0C; .NET4.0E)"
202.181.134.51 202.116.64.9 - [10/Apr/2013:00:00:19 +0800] "HEAD / HTTP/1.0" 200 0 "-" "HTTPing v1.4.4"
158.132.255.57 202.116.64.9 - [10/Apr/2013:00:00:19 +0800] "HEAD / HTTP/1.0" 200 0 "-" "HTTPing v1.4.4"
202.181.134.51 202.116.64.9 - [10/Apr/2013:00:00:20 +0800] "HEAD / HTTP/1.0" 200 0 "-" "HTTPing v1.4.4"
158.132.255.57 202.116.64.9 - [10/Apr/2013:00:00:20 +0800] "HEAD / HTTP/1.0" 200 0 "-" "HTTPing v1.4.4"
202.181.134.51 202.116.64.9 - [10/Apr/2013:00:00:21 +0800] "HEAD / HTTP/1.0" 200 0 "-" "HTTPing v1.4.4"
158.132.255.57 www.sysu.edu.cn - [10/Apr/2013:00:00:22 +0800] "GET /2012/images/20130220155405935600.jpg HTTP/1.1" 200 65000 "http://www.sysu.edu.cn/Internet0measurement00visit0www.oneprobe.org00Internet0measurement00visit0www.onepr" "Mozilla/4.0"
158.132.255.57 202.116.64.9 - [10/Apr/2013:00:00:22 +0800] "HEAD / HTTP/1.0" 200 0 "-" "HTTPing v1.4.4"
202.181.134.51 202.116.64.9 - [10/Apr/2013:00:00:22 +0800] "HEAD / HTTP/1.0" 200 0 "-" "HTTPing v1.4.4"
158.132.255.57 202.116.64.9 - [10/Apr/2013:00:00:23 +0800] "HEAD / HTTP/1.0" 200 0 "-" "HTTPing v1.4.4"
202.181.134.51 202.116.64.9 - [10/Apr/2013:00:00:23 +0800] "HEAD / HTTP/1.0" 200 0 "-" "HTTPing v1.4.4"
158.132.255.57 202.116.64.9 - [10/Apr/2013:00:00:24 +0800] "HEAD / HTTP/1.0" 200 0 "-" "HTTPing v1.4.4"
202.181.134.51 202.116.64.9 - [10/Apr/2013:00:00:25 +0800] "HEAD / HTTP/1.0" 200 0 "-" "HTTPing v1.4.4"
158.132.255.57 202.116.64.9 - [10/Apr/2013:00:00:25 +0800] "HEAD / HTTP/1.0" 200 0 "-" "HTTPing v1.4.4"
220.181.108.152 www.sysu.edu.cn - [10/Apr/2013:00:00:25 +0800] "GET / HTTP/1.1" 200 421 "-" "Mozilla/5.0 (compatible; Baiduspider/2.0; +http://www.baidu.com/search/spider.html)"
220.181.108.171 www.sysu.edu.cn - [10/Apr/2013:00:00:26 +0800] "GET /2012 HTTP/1.1" 301 0 "-" "Mozilla/5.0 (compatible; Baiduspider/2.0; +http://www.baidu.com/search/spider.html)"
220.181.108.116 www.sysu.edu.cn - [10/Apr/2013:00:00:26 +0800] "GET /2012/ HTTP/1.1" 200 1223 "-" "Mozilla/5.0 (compatible; Baiduspider/2.0; +http://www.baidu.com/search/spider.html)"
202.181.134.51 202.116.64.9 - [10/Apr/2013:00:00:26 +0800] "HEAD / HTTP/1.0" 200 0 "-" "HTTPing v1.4.4"
220.181.108.149 www.sysu.edu.cn - [10/Apr/2013:00:00:26 +0800] "GET /2012/en/index.htm HTTP/1.1" 200 18110 "-" "Mozilla/5.0 (compatible; Baiduspider/2.0; +http://www.baidu.com/search/spider.html)"
158.132.255.57 202.116.64.9 - [10/Apr/2013:00:00:26 +0800] "HEAD / HTTP/1.0" 200 0 "-" "HTTPing v1.4.4"
202.181.134.51 202.116.64.9 - [10/Apr/2013:00:00:27 +0800] "HEAD / HTTP/1.0" 200 0 "-" "HTTPing v1.4.4"
119.143.127.156 www.sysu.edu.cn - [10/Apr/2013:00:00:27 +0800] "GET /2012/images/dotup.png HTTP/1.1" 304 0 "http://www.sysu.edu.cn/2012/cn/index.htm" "Mozilla/4.0 (compatible; MSIE 8.0; Windows NT 5.1; Trident/4.0)"
158.132.255.57 202.116.64.9 - [10/Apr/2013:00:00:27 +0800] "HEAD / HTTP/1.0" 200 0 "-" "HTTPing v1.4.4"
202.181.134.51 202.116.64.9 - [10/Apr/2013:00:00:28 +0800] "HEAD / HTTP/1.0" 200 0 "-" "HTTPing v1.4.4"
210.184.124.138 202.116.64.9 - [10/Apr/2013:00:00:28 +0800] "HEAD / HTTP/1.0" 200 0 "-" "HTTPing v1.4.4"
158.132.255.57 202.116.64.9 - [10/Apr/2013:00:00:29 +0800] "HEAD / HTTP/1.0" 200 0 "-" "HTTPing v1.4.4"
222.200.176.102 www.sysu.edu.cn - [10/Apr/2013:00:00:29 +0800] "GET /2012/images/dotup.png HTTP/1.1" 304 0 "http://www.sysu.edu.cn/2012/cn/index.htm" "Mozilla/4.0 (compatible; MSIE 6.0; Windows NT 5.1; SV1; .NET CLR 2.0.50727; .NET4.0C; .NET4.0E)"
202.181.134.51 202.116.64.9 - [10/Apr/2013:00:00:29 +0800] "HEAD / HTTP/1.0" 200 0 "-" "HTTPing v1.4.4"
106.120.104.21 www.sysu.edu.cn - [10/Apr/2013:00:00:29 +0800] "GET /2012/en/index.htm?%0D%0A%7D%0D%0Acn/index.htm?%0D%0A%7D%0D%0A//%E6%B5%8F%E8%A7%88%E5%99%A8%E9%9D%9Eie%E7%9A%84%E6%83%85%E5%86%B5%0D%0Aelse%7B%0D%0Avarb=navigator.language?%0D%0Aif(b!=zh-CN)%7B%0D%0Aen/index.htm?%0D%0A%7D%0D%0Acn/index.htm HTTP/1.0" 200 18110 "-" "Mozilla/4.0   (compatible;   MSIE   6.0;   Windows   NT   5.1)"
106.120.104.21 www.sysu.edu.cn - [10/Apr/2013:00:00:30 +0800] "GET /2012/en/index.htm?%0D%0A%7D%0D%0Acn/index.htm?%0D%0A%7D%0D%0A//%E6%B5%8F%E8%A7%88%E5%99%A8%E9%9D%9Eie%E7%9A%84%E6%83%85%E5%86%B5%0D%0Aelse%7B%0D%0Avarb=navigator.language?%0D%0Aif(b!=zh-CN)%7B%0D%0Aen/index.htm?%0D%0A%7D%0D%0Acn/index.htm HTTP/1.0" 200 18110 "-" "Mozilla/4.0 (compatible;MSIE   6.0; MSIE 7.0; Windows NT 5.2; .NET CLR 1.1.4322; .NET CLR 2.0.50727;"
210.184.124.138 202.116.64.9 - [10/Apr/2013:00:00:30 +0800] "HEAD / HTTP/1.0" 200 0 "-" "HTTPing v1.4.4"
158.132.255.57 202.116.64.9 - [10/Apr/2013:00:00:30 +0800] "HEAD / HTTP/1.0" 200 0 "-" "HTTPing v1.4.4"
202.181.134.51 202.116.64.9 - [10/Apr/2013:00:00:30 +0800] "HEAD / HTTP/1.0" 200 0 "-" "HTTPing v1.4.4"
210.184.124.138 202.116.64.9 - [10/Apr/2013:00:00:31 +0800] "HEAD / HTTP/1.0" 200 0 "-" "HTTPing v1.4.4"
158.132.255.57 202.116.64.9 - [10/Apr/2013:00:00:31 +0800] "HEAD / HTTP/1.0" 200 0 "-" "HTTPing v1.4.4"
172.18.7.19 www.sysu.edu.cn - [10/Apr/2013:00:00:31 +0800] "GET / HTTP/1.1" 200 421 "-" "Mozilla/4.0 (compatible; MSIE 8.0; Windows NT 5.1; Trident/4.0; GTB6.6; QQDownload 708; .NET CLR 2.0.50727; .NET CLR 3.0.4506.2152; .NET CLR 3.5.30729; IEShow Toolbar; IEShow stock01ToolBar; InfoPath.1; BRI/2)"
172.18.7.19 www.sysu.edu.cn - [10/Apr/2013:00:00:31 +0800] "GET /2009/main.css HTTP/1.1" 200 4625 "http://www.sysu.edu.cn/" "Mozilla/4.0 (compatible; MSIE 8.0; Windows NT 5.1; Trident/4.0; GTB6.6; QQDownload 708; .NET CLR 2.0.50727; .NET CLR 3.0.4506.2152; .NET CLR 3.5.30729; IEShow Toolbar; IEShow stock01ToolBar; InfoPath.1; BRI/2)"
172.18.7.19 www.sysu.edu.cn - [10/Apr/2013:00:00:31 +0800] "GET /favicon.ico HTTP/1.1" 200 3638 "-" "Mozilla/4.0 (compatible; MSIE 8.0; Windows NT 5.1; Trident/4.0; GTB6.6; QQDownload 708; .NET CLR 2.0.50727; .NET CLR 3.0.4506.2152; .NET CLR 3.5.30729; IEShow Toolbar; IEShow stock01ToolBar; InfoPath.1; BRI/2; 360SE)"
172.18.7.19 www.sysu.edu.cn - [10/Apr/2013:00:00:32 +0800] "GET /2012 HTTP/1.1" 301 0 "-" "Mozilla/4.0 (compatible; MSIE 8.0; Windows NT 5.1; Trident/4.0; GTB6.6; QQDownload 708; .NET CLR 2.0.50727; .NET CLR 3.0.4506.2152; .NET CLR 3.5.30729; IEShow Toolbar; IEShow stock01ToolBar; InfoPath.1; BRI/2)"
202.181.134.51 202.116.64.9 - [10/Apr/2013:00:00:32 +0800] "HEAD / HTTP/1.0" 200 0 "-" "HTTPing v1.4.4"
172.18.7.19 www.sysu.edu.cn - [10/Apr/2013:00:00:32 +0800] "GET /2012/ HTTP/1.1" 200 1223 "-" "Mozilla/4.0 (compatible; MSIE 8.0; Windows NT 5.1; Trident/4.0; GTB6.6; QQDownload 708; .NET CLR 2.0.50727; .NET CLR 3.0.4506.2152; .NET CLR 3.5.30729; IEShow Toolbar; IEShow stock01ToolBar; InfoPath.1; BRI/2)"
172.18.7.19 www.sysu.edu.cn - [10/Apr/2013:00:00:32 +0800] "GET /2012/cn/index.htm HTTP/1.1" 200 25256 "-" "Mozilla/4.0 (compatible; MSIE 8.0; Windows NT 5.1; Trident/4.0; GTB6.6; QQDownload 708; .NET CLR 2.0.50727; .NET CLR 3.0.4506.2152; .NET CLR 3.5.30729; IEShow Toolbar; IEShow stock01ToolBar; InfoPath.1; BRI/2)"
210.184.124.138 202.116.64.9 - [10/Apr/2013:00:00:32 +0800] "HEAD / HTTP/1.0" 200 0 "-" "HTTPing v1.4.4"
158.132.255.57 202.116.64.9 - [10/Apr/2013:00:00:32 +0800] "HEAD / HTTP/1.0" 200 0 "-" "HTTPing v1.4.4"
172.18.7.19 www.sysu.edu.cn - [10/Apr/2013:00:00:33 +0800] "GET /2012/css/layout.css HTTP/1.1" 200 2792 "http://www.sysu.edu.cn/2012/cn/index.htm" "Mozilla/4.0 (compatible; MSIE 8.0; Windows NT 5.1; Trident/4.0; GTB6.6; QQDownload 708; .NET CLR 2.0.50727; .NET CLR 3.0.4506.2152; .NET CLR 3.5.30729; IEShow Toolbar; IEShow stock01ToolBar; InfoPath.1; BRI/2)"
172.18.7.19 www.sysu.edu.cn - [10/Apr/2013:00:00:33 +0800] "GET /2012/css/screen.css HTTP/1.1" 200 18669 "http://www.sysu.edu.cn/2012/cn/index.htm" "Mozilla/4.0 (compatible; MSIE 8.0; Windows NT 5.1; Trident/4.0; GTB6.6; QQDownload 708; .NET CLR 2.0.50727; .NET CLR 3.0.4506.2152; .NET CLR 3.5.30729; IEShow Toolbar; IEShow stock01ToolBar; InfoPath.1; BRI/2)"
172.18.7.19 www.sysu.edu.cn - [10/Apr/2013:00:00:33 +0800] "GET /publish/info.js HTTP/1.1" 200 42176 "http://www.sysu.edu.cn/2012/cn/index.htm" "Mozilla/4.0 (compatible; MSIE 8.0; Windows NT 5.1; Trident/4.0; GTB6.6; QQDownload 708; .NET CLR 2.0.50727; .NET CLR 3.0.4506.2152; .NET CLR 3.5.30729; IEShow Toolbar; IEShow stock01ToolBar; InfoPath.1; BRI/2)"
172.18.7.19 www.sysu.edu.cn - [10/Apr/2013:00:00:33 +0800] "GET /2012/js/display.js HTTP/1.1" 200 9536 "http://www.sysu.edu.cn/2012/cn/index.htm" "Mozilla/4.0 (compatible; MSIE 8.0; Windows NT 5.1; Trident/4.0; GTB6.6; QQDownload 708; .NET CLR 2.0.50727; .NET CLR 3.0.4506.2152; .NET CLR 3.5.30729; IEShow Toolbar; IEShow stock01ToolBar; InfoPath.1; BRI/2)"
172.18.7.19 www.sysu.edu.cn - [10/Apr/2013:00:00:33 +0800] "GET /2012/mainslide/homepage.css HTTP/1.1" 200 3295 "http://www.sysu.edu.cn/2012/cn/index.htm" "Mozilla/4.0 (compatible; MSIE 8.0; Windows NT 5.1; Trident/4.0; GTB6.6; QQDownload 708; .NET CLR 2.0.50727; .NET CLR 3.0.4506.2152; .NET CLR 3.5.30729; IEShow Toolbar; IEShow stock01ToolBar; InfoPath.1; BRI/2)"
172.18.7.19 www.sysu.edu.cn - [10/Apr/2013:00:00:33 +0800] "GET /2012/mainslide/jquery.css HTTP/1.1" 200 3731 "http://www.sysu.edu.cn/2012/cn/index.htm" "Mozilla/4.0 (compatible; MSIE 8.0; Windows NT 5.1; Trident/4.0; GTB6.6; QQDownload 708; .NET CLR 2.0.50727; .NET CLR 3.0.4506.2152; .NET CLR 3.5.30729; IEShow Toolbar; IEShow stock01ToolBar; InfoPath.1; BRI/2)"
172.18.7.19 www.sysu.edu.cn - [10/Apr/2013:00:00:33 +0800] "GET /2012/mainslide/jquery.js HTTP/1.1" 200 102379 "http://www.sysu.edu.cn/2012/cn/index.htm" "Mozilla/4.0 (compatible; MSIE 8.0; Windows NT 5.1; Trident/4.0; GTB6.6; QQDownload 708; .NET CLR 2.0.50727; .NET CLR 3.0.4506.2152; .NET CLR 3.5.30729; IEShow Toolbar; IEShow stock01ToolBar; InfoPath.1; BRI/2)"
172.18.7.19 www.sysu.edu.cn - [10/Apr/2013:00:00:33 +0800] "GET /2012/mainslide/jquery_002.js HTTP/1.1" 200 16975 "http://www.sysu.edu.cn/2012/cn/index.htm" "Mozilla/4.0 (compatible; MSIE 8.0; Windows NT 5.1; Trident/4.0; GTB6.6; QQDownload 708; .NET CLR 2.0.50727; .NET CLR 3.0.4506.2152; .NET CLR 3.5.30729; IEShow Toolbar; IEShow stock01ToolBar; InfoPath.1; BRI/2)"
172.18.7.19 www.sysu.edu.cn - [10/Apr/2013:00:00:33 +0800] "GET /2012/mainslide/custom.js HTTP/1.1" 200 2608 "http://www.sysu.edu.cn/2012/cn/index.htm" "Mozilla/4.0 (compatible; MSIE 8.0; Windows NT 5.1; Trident/4.0; GTB6.6; QQDownload 708; .NET CLR 2.0.50727; .NET CLR 3.0.4506.2152; .NET CLR 3.5.30729; IEShow Toolbar; IEShow stock01ToolBar; InfoPath.1; BRI/2)"
202.181.134.51 202.116.64.9 - [10/Apr/2013:00:00:33 +0800] "HEAD / HTTP/1.0" 200 0 "-" "HTTPing v1.4.4"
172.18.7.19 www.sysu.edu.cn - [10/Apr/2013:00:00:33 +0800] "GET /2012/mainslide/ga.js HTTP/1.1" 200 37362 "http://www.sysu.edu.cn/2012/cn/index.htm" "Mozilla/4.0 (compatible; MSIE 8.0; Windows NT 5.1; Trident/4.0; GTB6.6; QQDownload 708; .NET CLR 2.0.50727; .NET CLR 3.0.4506.2152; .NET CLR 3.5.30729; IEShow Toolbar; IEShow stock01ToolBar; InfoPath.1; BRI/2)"
172.18.7.19 www.sysu.edu.cn - [10/Apr/2013:00:00:33 +0800] "GET /2012/js/slider.js HTTP/1.1" 200 4081 "http://www.sysu.edu.cn/2012/cn/index.htm" "Mozilla/4.0 (compatible; MSIE 8.0; Windows NT 5.1; Trident/4.0; GTB6.6; QQDownload 708; .NET CLR 2.0.50727; .NET CLR 3.0.4506.2152; .NET CLR 3.5.30729; IEShow Toolbar; IEShow stock01ToolBar; InfoPath.1; BRI/2)"
172.18.7.19 www.sysu.edu.cn - [10/Apr/2013:00:00:33 +0800] "GET /2012/images/logo.jpg HTTP/1.1" 200 9818 "http://www.sysu.edu.cn/2012/cn/index.htm" "Mozilla/4.0 (compatible; MSIE 8.0; Windows NT 5.1; Trident/4.0; GTB6.6; QQDownload 708; .NET CLR 2.0.50727; .NET CLR 3.0.4506.2152; .NET CLR 3.5.30729; IEShow Toolbar; IEShow stock01ToolBar; InfoPath.1; BRI/2)"
172.18.7.19 www.sysu.edu.cn - [10/Apr/2013:00:00:33 +0800] "GET /2012/images/en-version.jpg HTTP/1.1" 200 1962 "http://www.sysu.edu.cn/2012/cn/index.htm" "Mozilla/4.0 (compatible; MSIE 8.0; Windows NT 5.1; Trident/4.0; GTB6.6; QQDownload 708; .NET CLR 2.0.50727; .NET CLR 3.0.4506.2152; .NET CLR 3.5.30729; IEShow Toolbar; IEShow stock01ToolBar; InfoPath.1; BRI/2)"
172.18.7.19 www.sysu.edu.cn - [10/Apr/2013:00:00:33 +0800] "GET /2012/images/campus-south.jpg HTTP/1.1" 200 4455 "http://www.sysu.edu.cn/2012/cn/index.htm" "Mozilla/4.0 (compatible; MSIE 8.0; Windows NT 5.1; Trident/4.0; GTB6.6; QQDownload 708; .NET CLR 2.0.50727; .NET CLR 3.0.4506.2152; .NET CLR 3.5.30729; IEShow Toolbar; IEShow stock01ToolBar; InfoPath.1; BRI/2)"
172.18.7.19 www.sysu.edu.cn - [10/Apr/2013:00:00:33 +0800] "GET /2012/images/campus-north.jpg HTTP/1.1" 200 4243 "http://www.sysu.edu.cn/2012/cn/index.htm" "Mozilla/4.0 (compatible; MSIE 8.0; Windows NT 5.1; Trident/4.0; GTB6.6; QQDownload 708; .NET CLR 2.0.50727; .NET CLR 3.0.4506.2152; .NET CLR 3.5.30729; IEShow Toolbar; IEShow stock01ToolBar; InfoPath.1; BRI/2)"
172.18.7.19 www.sysu.edu.cn - [10/Apr/2013:00:00:33 +0800] "GET /2012/images/campus-zhuhai.jpg HTTP/1.1" 200 3445 "http://www.sysu.edu.cn/2012/cn/index.htm" "Mozilla/4.0 (compatible; MSIE 8.0; Windows NT 5.1; Trident/4.0; GTB6.6; QQDownload 708; .NET CLR 2.0.50727; .NET CLR 3.0.4506.2152; .NET CLR 3.5.30729; IEShow Toolbar; IEShow stock01ToolBar; InfoPath.1; BRI/2)"
172.18.7.19 www.sysu.edu.cn - [10/Apr/2013:00:00:33 +0800] "GET /2012/images/bodybg.jpg HTTP/1.1" 200 357 "http://www.sysu.edu.cn/2012/cn/index.htm" "Mozilla/4.0 (compatible; MSIE 8.0; Windows NT 5.1; Trident/4.0; GTB6.6; QQDownload 708; .NET CLR 2.0.50727; .NET CLR 3.0.4506.2152; .NET CLR 3.5.30729; IEShow Toolbar; IEShow stock01ToolBar; InfoPath.1; BRI/2)"
172.18.7.19 www.sysu.edu.cn - [10/Apr/2013:00:00:33 +0800] "GET /2012/images/cnsearchbotton.png HTTP/1.1" 200 2331 "http://www.sysu.edu.cn/2012/cn/index.htm" "Mozilla/4.0 (compatible; MSIE 8.0; Windows NT 5.1; Trident/4.0; GTB6.6; QQDownload 708; .NET CLR 2.0.50727; .NET CLR 3.0.4506.2152; .NET CLR 3.5.30729; IEShow Toolbar; IEShow stock01ToolBar; InfoPath.1; BRI/2)"
210.184.124.138 202.116.64.9 - [10/Apr/2013:00:00:33 +0800] "HEAD / HTTP/1.0" 200 0 "-" "HTTPing v1.4.4"
172.18.7.19 www.sysu.edu.cn - [10/Apr/2013:00:00:33 +0800] "GET /2012/images/campus-east.jpg HTTP/1.1" 200 3804 "http://www.sysu.edu.cn/2012/cn/index.htm" "Mozilla/4.0 (compatible; MSIE 8.0; Windows NT 5.1; Trident/4.0; GTB6.6; QQDownload 708; .NET CLR 2.0.50727; .NET CLR 3.0.4506.2152; .NET CLR 3.5.30729; IEShow Toolbar; IEShow stock01ToolBar; InfoPath.1; BRI/2)"
172.18.7.19 www.sysu.edu.cn - [10/Apr/2013:00:00:33 +0800] "GET /2012/images/home.gif HTTP/1.1" 200 532 "http://www.sysu.edu.cn/2012/cn/index.htm" "Mozilla/4.0 (compatible; MSIE 8.0; Windows NT 5.1; Trident/4.0; GTB6.6; QQDownload 708; .NET CLR 2.0.50727; .NET CLR 3.0.4506.2152; .NET CLR 3.5.30729; IEShow Toolbar; IEShow stock01ToolBar; InfoPath.1; BRI/2)"
172.18.7.19 www.sysu.edu.cn - [10/Apr/2013:00:00:33 +0800] "GET /2012/images/f1.jpg HTTP/1.1" 200 2842 "http://www.sysu.edu.cn/2012/cn/index.htm" "Mozilla/4.0 (compatible; MSIE 8.0; Windows NT 5.1; Trident/4.0; GTB6.6; QQDownload 708; .NET CLR 2.0.50727; .NET CLR 3.0.4506.2152; .NET CLR 3.5.30729; IEShow Toolbar; IEShow stock01ToolBar; InfoPath.1; BRI/2)"
172.18.7.19 www.sysu.edu.cn - [10/Apr/2013:00:00:33 +0800] "GET /2012/images/nav-spe.jpg HTTP/1.1" 200 424 "http://www.sysu.edu.cn/2012/cn/index.htm" "Mozilla/4.0 (compatible; MSIE 8.0; Windows NT 5.1; Trident/4.0; GTB6.6; QQDownload 708; .NET CLR 2.0.50727; .NET CLR 3.0.4506.2152; .NET CLR 3.5.30729; IEShow Toolbar; IEShow stock01ToolBar; InfoPath.1; BRI/2)"
172.18.7.19 www.sysu.edu.cn - [10/Apr/2013:00:00:33 +0800] "GET /2012/images/f2.jpg HTTP/1.1" 200 4086 "http://www.sysu.edu.cn/2012/cn/index.htm" "Mozilla/4.0 (compatible; MSIE 8.0; Windows NT 5.1; Trident/4.0; GTB6.6; QQDownload 708; .NET CLR 2.0.50727; .NET CLR 3.0.4506.2152; .NET CLR 3.5.30729; IEShow Toolbar; IEShow stock01ToolBar; InfoPath.1; BRI/2)"
172.18.7.19 www.sysu.edu.cn - [10/Apr/2013:00:00:33 +0800] "GET /2012/images/f3.jpg HTTP/1.1" 200 3519 "http://www.sysu.edu.cn/2012/cn/index.htm" "Mozilla/4.0 (compatible; MSIE 8.0; Windows NT 5.1; Trident/4.0; GTB6.6; QQDownload 708; .NET CLR 2.0.50727; .NET CLR 3.0.4506.2152; .NET CLR 3.5.30729; IEShow Toolbar; IEShow stock01ToolBar; InfoPath.1; BRI/2)"
172.18.7.19 www.sysu.edu.cn - [10/Apr/2013:00:00:33 +0800] "GET /2012/images/f4.jpg HTTP/1.1" 200 2434 "http://www.sysu.edu.cn/2012/cn/index.htm" "Mozilla/4.0 (compatible; MSIE 8.0; Windows NT 5.1; Trident/4.0; GTB6.6; QQDownload 708; .NET CLR 2.0.50727; .NET CLR 3.0.4506.2152; .NET CLR 3.5.30729; IEShow Toolbar; IEShow stock01ToolBar; InfoPath.1; BRI/2)"
172.18.7.19 www.sysu.edu.cn - [10/Apr/2013:00:00:33 +0800] "GET /2012/images/f5.jpg HTTP/1.1" 200 3391 "http://www.sysu.edu.cn/2012/cn/index.htm" "Mozilla/4.0 (compatible; MSIE 8.0; Windows NT 5.1; Trident/4.0; GTB6.6; QQDownload 708; .NET CLR 2.0.50727; .NET CLR 3.0.4506.2152; .NET CLR 3.5.30729; IEShow Toolbar; IEShow stock01ToolBar; InfoPath.1; BRI/2)"
172.18.7.19 www.sysu.edu.cn - [10/Apr/2013:00:00:33 +0800] "GET /2012/images/f6.jpg HTTP/1.1" 200 4239 "http://www.sysu.edu.cn/2012/cn/index.htm" "Mozilla/4.0 (compatible; MSIE 8.0; Windows NT 5.1; Trident/4.0; GTB6.6; QQDownload 708; .NET CLR 2.0.50727; .NET CLR 3.0.4506.2152; .NET CLR 3.5.30729; IEShow Toolbar; IEShow stock01ToolBar; InfoPath.1; BRI/2)"
172.18.7.19 www.sysu.edu.cn - [10/Apr/2013:00:00:33 +0800] "GET /2012/images/f7.jpg HTTP/1.1" 200 2330 "http://www.sysu.edu.cn/2012/cn/index.htm" "Mozilla/4.0 (compatible; MSIE 8.0; Windows NT 5.1; Trident/4.0; GTB6.6; QQDownload 708; .NET CLR 2.0.50727; .NET CLR 3.0.4506.2152; .NET CLR 3.5.30729; IEShow Toolbar; IEShow stock01ToolBar; InfoPath.1; BRI/2)"
172.18.7.19 www.sysu.edu.cn - [10/Apr/2013:00:00:33 +0800] "GET /2012/images/f8.jpg HTTP/1.1" 200 4051 "http://www.sysu.edu.cn/2012/cn/index.htm" "Mozilla/4.0 (compatible; MSIE 8.0; Windows NT 5.1; Trident/4.0; GTB6.6; QQDownload 708; .NET CLR 2.0.50727; .NET CLR 3.0.4506.2152; .NET CLR 3.5.30729; IEShow Toolbar; IEShow stock01ToolBar; InfoPath.1; BRI/2)"
172.18.7.19 www.sysu.edu.cn - [10/Apr/2013:00:00:33 +0800] "GET /2012/images/dotup.png HTTP/1.1" 200 22136 "http://www.sysu.edu.cn/2012/cn/index.htm" "Mozilla/4.0 (compatible; MSIE 8.0; Windows NT 5.1; Trident/4.0; GTB6.6; QQDownload 708; .NET CLR 2.0.50727; .NET CLR 3.0.4506.2152; .NET CLR 3.5.30729; IEShow Toolbar; IEShow stock01ToolBar; InfoPath.1; BRI/2)"
172.18.7.19 www.sysu.edu.cn - [10/Apr/2013:00:00:33 +0800] "GET /2012/images/mainslidepic_c.jpg HTTP/1.1" 200 256997 "http://www.sysu.edu.cn/2012/cn/index.htm" "Mozilla/4.0 (compatible; MSIE 8.0; Windows NT 5.1; Trident/4.0; GTB6.6; QQDownload 708; .NET CLR 2.0.50727; .NET CLR 3.0.4506.2152; .NET CLR 3.5.30729; IEShow Toolbar; IEShow stock01ToolBar; InfoPath.1; BRI/2)"
158.132.255.57 202.116.64.9 - [10/Apr/2013:00:00:33 +0800] "HEAD / HTTP/1.0" 200 0 "-" "HTTPing v1.4.4"
172.18.7.19 www.sysu.edu.cn - [10/Apr/2013:00:00:33 +0800] "GET /2012/mainslide/slides/arrows-30.png HTTP/1.1" 200 3379 "http://www.sysu.edu.cn/2012/cn/index.htm" "Mozilla/4.0 (compatible; MSIE 8.0; Windows NT 5.1; Trident/4.0; GTB6.6; QQDownload 708; .NET CLR 2.0.50727; .NET CLR 3.0.4506.2152; .NET CLR 3.5.30729; IEShow Toolbar; IEShow stock01ToolBar; InfoPath.1; BRI/2)"
172.18.7.19 www.sysu.edu.cn - [10/Apr/2013:00:00:33 +0800] "GET /2012/images/mysysu.jpg HTTP/1.1" 200 3243 "http://www.sysu.edu.cn/2012/cn/index.htm" "Mozilla/4.0 (compatible; MSIE 8.0; Windows NT 5.1; Trident/4.0; GTB6.6; QQDownload 708; .NET CLR 2.0.50727; .NET CLR 3.0.4506.2152; .NET CLR 3.5.30729; IEShow Toolbar; IEShow stock01ToolBar; InfoPath.1; BRI/2)"
172.18.7.19 www.sysu.edu.cn - [10/Apr/2013:00:00:33 +0800] "GET /2012/images/content/2013-04/20130408152928720311.jpg HTTP/1.1" 200 23242 "http://www.sysu.edu.cn/2012/cn/index.htm" "Mozilla/4.0 (compatible; MSIE 8.0; Windows NT 5.1; Trident/4.0; GTB6.6; QQDownload 708; .NET CLR 2.0.50727; .NET CLR 3.0.4506.2152; .NET CLR 3.5.30729; IEShow Toolbar; IEShow stock01ToolBar; InfoPath.1; BRI/2)"
172.18.7.19 www.sysu.edu.cn - [10/Apr/2013:00:00:33 +0800] "GET /2012/images/20130220155405935600.jpg HTTP/1.1" 200 65000 "http://www.sysu.edu.cn/2012/cn/index.htm" "Mozilla/4.0 (compatible; MSIE 8.0; Windows NT 5.1; Trident/4.0; GTB6.6; QQDownload 708; .NET CLR 2.0.50727; .NET CLR 3.0.4506.2152; .NET CLR 3.5.30729; IEShow Toolbar; IEShow stock01ToolBar; InfoPath.1; BRI/2)"
172.18.7.19 www.sysu.edu.cn - [10/Apr/2013:00:00:33 +0800] "GET /2012/images/ql_weibo.jpg HTTP/1.1" 200 935 "http://www.sysu.edu.cn/2012/cn/index.htm" "Mozilla/4.0 (compatible; MSIE 8.0; Windows NT 5.1; Trident/4.0; GTB6.6; QQDownload 708; .NET CLR 2.0.50727; .NET CLR 3.0.4506.2152; .NET CLR 3.5.30729; IEShow Toolbar; IEShow stock01ToolBar; InfoPath.1; BRI/2)"
172.18.7.19 www.sysu.edu.cn - [10/Apr/2013:00:00:33 +0800] "GET /2012/images/ql_tencent.jpg HTTP/1.1" 200 670 "http://www.sysu.edu.cn/2012/cn/index.htm" "Mozilla/4.0 (compatible; MSIE 8.0; Windows NT 5.1; Trident/4.0; GTB6.6; QQDownload 708; .NET CLR 2.0.50727; .NET CLR 3.0.4506.2152; .NET CLR 3.5.30729; IEShow Toolbar; IEShow stock01ToolBar; InfoPath.1; BRI/2)"
172.18.7.19 www.sysu.edu.cn - [10/Apr/2013:00:00:33 +0800] "GET /2012/images/ql_renmin.jpg HTTP/1.1" 200 1024 "http://www.sysu.edu.cn/2012/cn/index.htm" "Mozilla/4.0 (compatible; MSIE 8.0; Windows NT 5.1; Trident/4.0; GTB6.6; QQDownload 708; .NET CLR 2.0.50727; .NET CLR 3.0.4506.2152; .NET CLR 3.5.30729; IEShow Toolbar; IEShow stock01ToolBar; InfoPath.1; BRI/2)"
172.18.7.19 www.sysu.edu.cn - [10/Apr/2013:00:00:33 +0800] "GET /2012/mainslide/slides/navigator.png HTTP/1.1" 200 2001 "http://www.sysu.edu.cn/2012/cn/index.htm" "Mozilla/4.0 (compatible; MSIE 8.0; Windows NT 5.1; Trident/4.0; GTB6.6; QQDownload 708; .NET CLR 2.0.50727; .NET CLR 3.0.4506.2152; .NET CLR 3.5.30729; IEShow Toolbar; IEShow stock01ToolBar; InfoPath.1; BRI/2)"
172.18.7.19 www.sysu.edu.cn - [10/Apr/2013:00:00:34 +0800] "GET /2012/images/ql_5d.jpg HTTP/1.1" 200 680 "http://www.sysu.edu.cn/2012/cn/index.htm" "Mozilla/4.0 (compatible; MSIE 8.0; Windows NT 5.1; Trident/4.0; GTB6.6; QQDownload 708; .NET CLR 2.0.50727; .NET CLR 3.0.4506.2152; .NET CLR 3.5.30729; IEShow Toolbar; IEShow stock01ToolBar; InfoPath.1; BRI/2)"
172.18.7.19 www.sysu.edu.cn - [10/Apr/2013:00:00:34 +0800] "GET /2012/images/bo-shadow.jpg HTTP/1.1" 200 447 "http://www.sysu.edu.cn/2012/cn/index.htm" "Mozilla/4.0 (compatible; MSIE 8.0; Windows NT 5.1; Trident/4.0; GTB6.6; QQDownload 708; .NET CLR 2.0.50727; .NET CLR 3.0.4506.2152; .NET CLR 3.5.30729; IEShow Toolbar; IEShow stock01ToolBar; InfoPath.1; BRI/2)"
172.18.7.19 www.sysu.edu.cn - [10/Apr/2013:00:00:34 +0800] "GET /2012/images/ql_apple.jpg HTTP/1.1" 200 574 "http://www.sysu.edu.cn/2012/cn/index.htm" "Mozilla/4.0 (compatible; MSIE 8.0; Windows NT 5.1; Trident/4.0; GTB6.6; QQDownload 708; .NET CLR 2.0.50727; .NET CLR 3.0.4506.2152; .NET CLR 3.5.30729; IEShow Toolbar; IEShow stock01ToolBar; InfoPath.1; BRI/2)"
172.18.7.19 www.sysu.edu.cn - [10/Apr/2013:00:00:34 +0800] "GET /2012/images/ql_helpdesk.jpg HTTP/1.1" 200 788 "http://www.sysu.edu.cn/2012/cn/index.htm" "Mozilla/4.0 (compatible; MSIE 8.0; Windows NT 5.1; Trident/4.0; GTB6.6; QQDownload 708; .NET CLR 2.0.50727; .NET CLR 3.0.4506.2152; .NET CLR 3.5.30729; IEShow Toolbar; IEShow stock01ToolBar; InfoPath.1; BRI/2)"
172.18.7.19 www.sysu.edu.cn - [10/Apr/2013:00:00:34 +0800] "GET /2012/images/logo-bottom.jpg HTTP/1.1" 200 4345 "http://www.sysu.edu.cn/2012/cn/index.htm" "Mozilla/4.0 (compatible; MSIE 8.0; Windows NT 5.1; Trident/4.0; GTB6.6; QQDownload 708; .NET CLR 2.0.50727; .NET CLR 3.0.4506.2152; .NET CLR 3.5.30729; IEShow Toolbar; IEShow stock01ToolBar; InfoPath.1; BRI/2)"
172.18.7.19 www.sysu.edu.cn - [10/Apr/2013:00:00:34 +0800] "GET /2012/images/line.gif HTTP/1.1" 200 44 "http://www.sysu.edu.cn/2012/cn/index.htm" "Mozilla/4.0 (compatible; MSIE 8.0; Windows NT 5.1; Trident/4.0; GTB6.6; QQDownload 708; .NET CLR 2.0.50727; .NET CLR 3.0.4506.2152; .NET CLR 3.5.30729; IEShow Toolbar; IEShow stock01ToolBar; InfoPath.1; BRI/2)"
172.18.7.19 www.sysu.edu.cn - [10/Apr/2013:00:00:34 +0800] "GET /2012/images/title-spe.jpg HTTP/1.1" 200 403 "http://www.sysu.edu.cn/2012/cn/index.htm" "Mozilla/4.0 (compatible; MSIE 8.0; Windows NT 5.1; Trident/4.0; GTB6.6; QQDownload 708; .NET CLR 2.0.50727; .NET CLR 3.0.4506.2152; .NET CLR 3.5.30729; IEShow Toolbar; IEShow stock01ToolBar; InfoPath.1; BRI/2)"
172.18.7.19 www.sysu.edu.cn - [10/Apr/2013:00:00:34 +0800] "GET /2012/images/20130322184641893329.jpg HTTP/1.1" 200 202814 "http://www.sysu.edu.cn/2012/cn/index.htm" "Mozilla/4.0 (compatible; MSIE 8.0; Windows NT 5.1; Trident/4.0; GTB6.6; QQDownload 708; .NET CLR 2.0.50727; .NET CLR 3.0.4506.2152; .NET CLR 3.5.30729; IEShow Toolbar; IEShow stock01ToolBar; InfoPath.1; BRI/2)"
172.18.7.19 www.sysu.edu.cn - [10/Apr/2013:00:00:34 +0800] "GET /2012/images/quicklink_bg.jpg HTTP/1.1" 200 306 "http://www.sysu.edu.cn/2012/cn/index.htm" "Mozilla/4.0 (compatible; MSIE 8.0; Windows NT 5.1; Trident/4.0; GTB6.6; QQDownload 708; .NET CLR 2.0.50727; .NET CLR 3.0.4506.2152; .NET CLR 3.5.30729; IEShow Toolbar; IEShow stock01ToolBar; InfoPath.1; BRI/2)"
172.18.7.19 www.sysu.edu.cn - [10/Apr/2013:00:00:34 +0800] "GET /2012/images/bottom.jpg HTTP/1.1" 404 345 "http://www.sysu.edu.cn/2012/cn/index.htm" "Mozilla/4.0 (compatible; MSIE 8.0; Windows NT 5.1; Trident/4.0; GTB6.6; QQDownload 708; .NET CLR 2.0.50727; .NET CLR 3.0.4506.2152; .NET CLR 3.5.30729; IEShow Toolbar; IEShow stock01ToolBar; InfoPath.1; BRI/2)"
202.181.134.51 202.116.64.9 - [10/Apr/2013:00:00:34 +0800] "HEAD / HTTP/1.0" 200 0 "-" "HTTPing v1.4.4"
222.200.176.102 www.sysu.edu.cn - [10/Apr/2013:00:00:34 +0800] "GET /2012/images/dotup.png HTTP/1.1" 304 0 "http://www.sysu.edu.cn/2012/cn/index.htm" "Mozilla/4.0 (compatible; MSIE 6.0; Windows NT 5.1; SV1; .NET CLR 2.0.50727; .NET4.0C; .NET4.0E)"
210.184.124.138 202.116.64.9 - [10/Apr/2013:00:00:34 +0800] "HEAD / HTTP/1.0" 200 0 "-" "HTTPing v1.4.4"
158.132.255.57 www.sysu.edu.cn - [10/Apr/2013:00:00:34 +0800] "GET /2012/images/20130220155405935600.jpg HTTP/1.1" 200 65000 "http://www.sysu.edu.cn/Internet0measurement00visit0www.oneprobe.org00Internet0measurement00visit0www.onepr" "Mozilla/4.0"
172.18.7.19 www.sysu.edu.cn - [10/Apr/2013:00:00:34 +0800] "GET /2012/images/dot.png HTTP/1.1" 304 0 "http://www.sysu.edu.cn/2012/cn/index.htm" "Mozilla/4.0 (compatible; MSIE 8.0; Windows NT 5.1; Trident/4.0; GTB6.6; QQDownload 708; .NET CLR 2.0.50727; .NET CLR 3.0.4506.2152; .NET CLR 3.5.30729; IEShow Toolbar; IEShow stock01ToolBar; InfoPath.1; BRI/2)"
158.132.255.57 202.116.64.9 - [10/Apr/2013:00:00:34 +0800] "HEAD / HTTP/1.0" 200 0 "-" "HTTPing v1.4.4"
202.181.134.51 202.116.64.9 - [10/Apr/2013:00:00:35 +0800] "HEAD / HTTP/1.0" 200 0 "-" "HTTPing v1.4.4"
158.132.255.57 www.sysu.edu.cn - [10/Apr/2013:00:00:35 +0800] "GET /2012/images/20130220155405935600.jpg HTTP/1.1" 200 65000 "http://www.sysu.edu.cn/Internet0measurement00visit0www.oneprobe.org00Internet0measurement00visit0www.onepr" "Mozilla/4.0"
210.184.124.138 202.116.64.9 - [10/Apr/2013:00:00:35 +0800] "HEAD / HTTP/1.0" 200 0 "-" "HTTPing v1.4.4"
158.132.255.57 202.116.64.9 - [10/Apr/2013:00:00:36 +0800] "HEAD / HTTP/1.0" 200 0 "-" "HTTPing v1.4.4"
202.181.134.51 202.116.64.9 - [10/Apr/2013:00:00:36 +0800] "HEAD / HTTP/1.0" 200 0 "-" "HTTPing v1.4.4"
172.18.7.19 www.sysu.edu.cn - [10/Apr/2013:00:00:36 +0800] "GET /2012/images/dotdown.png HTTP/1.1" 200 21745 "http://www.sysu.edu.cn/2012/cn/index.htm" "Mozilla/4.0 (compatible; MSIE 8.0; Windows NT 5.1; Trident/4.0; GTB6.6; QQDownload 708; .NET CLR 2.0.50727; .NET CLR 3.0.4506.2152; .NET CLR 3.5.30729; IEShow Toolbar; IEShow stock01ToolBar; InfoPath.1; BRI/2)"
210.184.124.138 202.116.64.9 - [10/Apr/2013:00:00:36 +0800] "HEAD / HTTP/1.0" 200 0 "-" "HTTPing v1.4.4"
158.132.255.57 202.116.64.9 - [10/Apr/2013:00:00:37 +0800] "HEAD / HTTP/1.0" 200 0 "-" "HTTPing v1.4.4"
202.181.134.51 202.116.64.9 - [10/Apr/2013:00:00:37 +0800] "HEAD / HTTP/1.0" 200 0 "-" "HTTPing v1.4.4"
210.184.124.138 202.116.64.9 - [10/Apr/2013:00:00:37 +0800] "HEAD / HTTP/1.0" 200 0 "-" "HTTPing v1.4.4"
158.132.255.57 202.116.64.9 - [10/Apr/2013:00:00:38 +0800] "HEAD / HTTP/1.0" 200 0 "-" "HTTPing v1.4.4"
202.181.134.51 202.116.64.9 - [10/Apr/2013:00:00:38 +0800] "HEAD / HTTP/1.0" 200 0 "-" "HTTPing v1.4.4"
210.184.124.138 202.116.64.9 - [10/Apr/2013:00:00:39 +0800] "HEAD / HTTP/1.0" 200 0 "-" "HTTPing v1.4.4"
158.132.255.57 202.116.64.9 - [10/Apr/2013:00:00:39 +0800] "HEAD / HTTP/1.0" 200 0 "-" "HTTPing v1.4.4"
110.76.38.189 www.sysu.edu.cn - [10/Apr/2013:00:00:39 +0800] "HEAD / HTTP/1.1" 200 0 "-" "LWP::Simple/5.805"
114.32.237.28 www.sysu.edu.cn - [10/Apr/2013:00:00:40 +0800] "GET /2012/images/mainslidepic_c.jpg HTTP/1.1" 200 218580 "http://www.sysu.edu.cn/2012/cn/index.htm" "Mozilla/5.0 (Windows NT 6.0) AppleWebKit/537.31 (KHTML, like Gecko) Chrome/26.0.1410.43 Safari/537.31"
110.76.38.189 www.sysu.edu.cn - [10/Apr/2013:00:00:40 +0800] "GET / HTTP/1.1" 200 421 "-" "Mozilla/5.0 (X11; U; Linux i686; en-US; rv:1.9.0.4)Gecko/2008111217 Fedora/3.0.4-1.fc10 Firefox/3.0.4"
110.76.38.189 www.sysu.edu.cn - [10/Apr/2013:00:00:40 +0800] "HEAD /robots.txt HTTP/1.1" 200 0 "-" "LWP::Simple/5.805"
202.181.134.51 202.116.64.9 - [10/Apr/2013:00:00:40 +0800] "HEAD / HTTP/1.0" 200 0 "-" "HTTPing v1.4.4"
110.76.38.189 www.sysu.edu.cn - [10/Apr/2013:00:00:40 +0800] "GET /robots.txt HTTP/1.1" 200 168 "-" "Mozilla/5.0 (X11; U; Linux i686; en-US; rv:1.9.0.4)Gecko/2008111217 Fedora/3.0.4-1.fc10 Firefox/3.0.4"
110.76.38.189 www.sysu.edu.cn - [10/Apr/2013:00:00:40 +0800] "HEAD /admin.php HTTP/1.1" 404 0 "-" "LWP::Simple/5.805"
110.76.38.189 www.sysu.edu.cn - [10/Apr/2013:00:00:40 +0800] "GET /admin.php HTTP/1.1" 404 345 "-" "Mozilla/5.0 (X11; U; Linux i686; en-US; rv:1.9.0.4)Gecko/2008111217 Fedora/3.0.4-1.fc10 Firefox/3.0.4"
110.76.38.189 www.sysu.edu.cn - [10/Apr/2013:00:00:40 +0800] "HEAD /logging.php?action=login HTTP/1.1" 404 0 "-" "LWP::Simple/5.805"
110.76.38.189 www.sysu.edu.cn - [10/Apr/2013:00:00:40 +0800] "GET /logging.php?action=login HTTP/1.1" 404 345 "-" "Mozilla/5.0 (X11; U; Linux i686; en-US; rv:1.9.0.4)Gecko/2008111217 Fedora/3.0.4-1.fc10 Firefox/3.0.4"
210.184.124.138 202.116.64.9 - [10/Apr/2013:00:00:40 +0800] "HEAD / HTTP/1.0" 200 0 "-" "HTTPing v1.4.4"
110.76.38.189 www.sysu.edu.cn - [10/Apr/2013:00:00:40 +0800] "HEAD /index.php HTTP/1.1" 404 0 "-" "LWP::Simple/5.805"
110.76.38.189 www.sysu.edu.cn - [10/Apr/2013:00:00:40 +0800] "GET /index.php HTTP/1.1" 404 345 "-" "Mozilla/5.0 (X11; U; Linux i686; en-US; rv:1.9.0.4)Gecko/2008111217 Fedora/3.0.4-1.fc10 Firefox/3.0.4"
110.76.38.189 www.sysu.edu.cn - [10/Apr/2013:00:00:40 +0800] "HEAD /forum.php HTTP/1.1" 404 0 "-" "LWP::Simple/5.805"
110.76.38.189 www.sysu.edu.cn - [10/Apr/2013:00:00:40 +0800] "GET /forum.php HTTP/1.1" 404 345 "-" "Mozilla/5.0 (X11; U; Linux i686; en-US; rv:1.9.0.4)Gecko/2008111217 Fedora/3.0.4-1.fc10 Firefox/3.0.4"
110.76.38.189 www.sysu.edu.cn - [10/Apr/2013:00:00:40 +0800] "HEAD /bbs.php HTTP/1.1" 404 0 "-" "LWP::Simple/5.805"
110.76.38.189 www.sysu.edu.cn - [10/Apr/2013:00:00:40 +0800] "GET /bbs.php HTTP/1.1" 404 345 "-" "Mozilla/5.0 (X11; U; Linux i686; en-US; rv:1.9.0.4)Gecko/2008111217 Fedora/3.0.4-1.fc10 Firefox/3.0.4"
110.76.38.189 www.sysu.edu.cn - [10/Apr/2013:00:00:40 +0800] "HEAD /bbs HTTP/1.1" 404 0 "-" "LWP::Simple/5.805"
110.76.38.189 www.sysu.edu.cn - [10/Apr/2013:00:00:40 +0800] "GET /bbs HTTP/1.1" 404 345 "-" "Mozilla/5.0 (X11; U; Linux i686; en-US; rv:1.9.0.4)Gecko/2008111217 Fedora/3.0.4-1.fc10 Firefox/3.0.4"
158.132.255.57 202.116.64.9 - [10/Apr/2013:00:00:40 +0800] "HEAD / HTTP/1.0" 200 0 "-" "HTTPing v1.4.4"
202.181.134.51 202.116.64.9 - [10/Apr/2013:00:00:40 +0800] "HEAD / HTTP/1.0" 200 0 "-" "HTTPing v1.4.4"
210.184.124.138 202.116.64.9 - [10/Apr/2013:00:00:41 +0800] "HEAD / HTTP/1.0" 200 0 "-" "HTTPing v1.4.4"
83.199.45.230 www.sysu.edu.cn - [10/Apr/2013:00:00:41 +0800] "GET /en/images/02.jpg HTTP/1.1" 404 345 "-" "Mozilla/5.0 (iPad; CPU OS 6_1_3 like Mac OS X) AppleWebKit/536.26 (KHTML, like Gecko) Version/6.0 Mobile/10B329 Safari/8536.25"
158.132.255.57 202.116.64.9 - [10/Apr/2013:00:00:41 +0800] "HEAD / HTTP/1.0" 200 0 "-" "HTTPing v1.4.4"
202.181.134.51 202.116.64.9 - [10/Apr/2013:00:00:42 +0800] "HEAD / HTTP/1.0" 200 0 "-" "HTTPing v1.4.4"
210.184.124.138 202.116.64.9 - [10/Apr/2013:00:00:42 +0800] "HEAD / HTTP/1.0" 200 0 "-" "HTTPing v1.4.4"
158.132.255.57 202.116.64.9 - [10/Apr/2013:00:00:42 +0800] "HEAD / HTTP/1.0" 200 0 "-" "HTTPing v1.4.4"
110.75.6.58 sysu.kyun.com.ar - [10/Apr/2013:00:00:43 +0800] "HEAD / HTTP/1.1" 200 0 "-" "cloud monitor service of aliyun"
202.181.134.51 202.116.64.9 - [10/Apr/2013:00:00:43 +0800] "HEAD / HTTP/1.0" 200 0 "-" "HTTPing v1.4.4"
210.184.124.138 202.116.64.9 - [10/Apr/2013:00:00:43 +0800] "HEAD / HTTP/1.0" 200 0 "-" "HTTPing v1.4.4"
158.132.255.57 202.116.64.9 - [10/Apr/2013:00:00:43 +0800] "HEAD / HTTP/1.0" 200 0 "-" "HTTPing v1.4.4"
222.200.176.102 www.sysu.edu.cn - [10/Apr/2013:00:00:44 +0800] "GET /2012/images/dotup.png HTTP/1.1" 304 0 "http://www.sysu.edu.cn/2012/cn/index.htm" "Mozilla/4.0 (compatible; MSIE 6.0; Windows NT 5.1; SV1; .NET CLR 2.0.50727; .NET4.0C; .NET4.0E)"
202.181.134.51 202.116.64.9 - [10/Apr/2013:00:00:44 +0800] "HEAD / HTTP/1.0" 200 0 "-" "HTTPing v1.4.4"
210.184.124.138 202.116.64.9 - [10/Apr/2013:00:00:44 +0800] "HEAD / HTTP/1.0" 200 0 "-" "HTTPing v1.4.4"
158.132.255.57 202.116.64.9 - [10/Apr/2013:00:00:44 +0800] "HEAD / HTTP/1.0" 200 0 "-" "HTTPing v1.4.4"
172.20.45.219 www.sysu.edu.cn - [10/Apr/2013:00:00:45 +0800] "GET /2010/2009/main.css HTTP/1.1" 404 345 "http://www.sysu.edu.cn/2010/" "Mozilla/5.0 (Windows NT 6.1; rv:10.0) Gecko/20100101 Firefox/10.0"
202.181.134.51 202.116.64.9 - [10/Apr/2013:00:00:45 +0800] "HEAD / HTTP/1.0" 200 0 "-" "HTTPing v1.4.4"
210.184.124.138 202.116.64.9 - [10/Apr/2013:00:00:45 +0800] "HEAD / HTTP/1.0" 200 0 "-" "HTTPing v1.4.4"
172.20.45.219 www.sysu.edu.cn - [10/Apr/2013:00:00:46 +0800] "GET /2012/ HTTP/1.1" 304 0 "-" "Mozilla/5.0 (Windows NT 6.1; rv:10.0) Gecko/20100101 Firefox/10.0"
172.20.45.219 www.sysu.edu.cn - [10/Apr/2013:00:00:46 +0800] "GET /2012/cn/index.htm HTTP/1.1" 304 0 "http://www.sysu.edu.cn/2012/" "Mozilla/5.0 (Windows NT 6.1; rv:10.0) Gecko/20100101 Firefox/10.0"
158.132.255.57 202.116.64.9 - [10/Apr/2013:00:00:46 +0800] "HEAD / HTTP/1.0" 200 0 "-" "HTTPing v1.4.4"
172.20.45.219 www.sysu.edu.cn - [10/Apr/2013:00:00:46 +0800] "GET /2012/images/content/2013-04/20130408152928720311.jpg HTTP/1.1" 304 0 "http://www.sysu.edu.cn/2012/cn/index.htm" "Mozilla/5.0 (Windows NT 6.1; rv:10.0) Gecko/20100101 Firefox/10.0"
172.20.45.219 www.sysu.edu.cn - [10/Apr/2013:00:00:46 +0800] "GET /publish/info.js HTTP/1.1" 200 42176 "http://www.sysu.edu.cn/2012/cn/index.htm" "Mozilla/5.0 (Windows NT 6.1; rv:10.0) Gecko/20100101 Firefox/10.0"
202.181.134.51 202.116.64.9 - [10/Apr/2013:00:00:46 +0800] "HEAD / HTTP/1.0" 200 0 "-" "HTTPing v1.4.4"
158.132.255.57 www.sysu.edu.cn - [10/Apr/2013:00:00:46 +0800] "GET /2012/images/20130220155405935600.jpg HTTP/1.1" 200 65000 "http://www.sysu.edu.cn/Internet0measurement00visit0www.oneprobe.org00Internet0measurement00visit0www.oneprobe.org00Internet0measurement00visit0www.oneprobe.org00Internet0measurement00visit0www.oneprobe.org00Internet0measurement00visit0www.oneprobe.org00Internet0measurement00visit0www.oneprobe.org00Internet0measurement00visit0www.oneprobe.org00Internet0measurement00visit0www.oneprobe.org00Internet0measurement00visit0www.one" "Mozilla/4.0"
210.184.124.138 202.116.64.9 - [10/Apr/2013:00:00:47 +0800] "HEAD / HTTP/1.0" 200 0 "-" "HTTPing v1.4.4"
158.132.255.57 202.116.64.9 - [10/Apr/2013:00:00:47 +0800] "HEAD / HTTP/1.0" 200 0 "-" "HTTPing v1.4.4"
202.181.134.51 202.116.64.9 - [10/Apr/2013:00:00:48 +0800] "HEAD / HTTP/1.0" 200 0 "-" "HTTPing v1.4.4"
210.184.124.138 202.116.64.9 - [10/Apr/2013:00:00:48 +0800] "HEAD / HTTP/1.0" 200 0 "-" "HTTPing v1.4.4"
202.181.134.51 www.sysu.edu.cn - [10/Apr/2013:00:00:48 +0800] "GET /2012/images/20130220155405935600.jpg HTTP/1.1" 200 65000 "http://www.sysu.edu.cn/Internet0measurement00visit0www.oneprobe.org00Internet0measurement00visit0www.onepr" "Mozilla/4.0"
158.132.255.57 202.116.64.9 - [10/Apr/2013:00:00:48 +0800] "HEAD / HTTP/1.0" 200 0 "-" "HTTPing v1.4.4"
202.181.134.51 202.116.64.9 - [10/Apr/2013:00:00:49 +0800] "HEAD / HTTP/1.0" 200 0 "-" "HTTPing v1.4.4"
210.184.124.138 202.116.64.9 - [10/Apr/2013:00:00:49 +0800] "HEAD / HTTP/1.0" 200 0 "-" "HTTPing v1.4.4"
222.200.176.102 www.sysu.edu.cn - [10/Apr/2013:00:00:49 +0800] "GET /2012/images/dotup.png HTTP/1.1" 304 0 "http://www.sysu.edu.cn/2012/cn/index.htm" "Mozilla/4.0 (compatible; MSIE 6.0; Windows NT 5.1; SV1; .NET CLR 2.0.50727; .NET4.0C; .NET4.0E)"
158.132.255.57 202.116.64.9 - [10/Apr/2013:00:00:49 +0800] "HEAD / HTTP/1.0" 200 0 "-" "HTTPing v1.4.4"
202.181.134.51 202.116.64.9 - [10/Apr/2013:00:00:50 +0800] "HEAD / HTTP/1.0" 200 0 "-" "HTTPing v1.4.4"
158.132.255.57 www.sysu.edu.cn - [10/Apr/2013:00:00:50 +0800] "GET /2012/images/20130220155405935600.jpg HTTP/1.1" 200 32531 "http://www.sysu.edu.cn/Internet0measurement00visit0www.oneprobe.org00Internet0measurement00visit0www.onepr" "Mozilla/4.0"
210.184.124.138 202.116.64.9 - [10/Apr/2013:00:00:50 +0800] "HEAD / HTTP/1.0" 200 0 "-" "HTTPing v1.4.4"
158.132.255.57 202.116.64.9 - [10/Apr/2013:00:00:50 +0800] "HEAD / HTTP/1.0" 200 0 "-" "HTTPing v1.4.4"
202.181.134.51 202.116.64.9 - [10/Apr/2013:00:00:51 +0800] "HEAD / HTTP/1.0" 200 0 "-" "HTTPing v1.4.4"
210.184.124.138 202.116.64.9 - [10/Apr/2013:00:00:51 +0800] "HEAD / HTTP/1.0" 200 0 "-" "HTTPing v1.4.4"
158.132.255.57 202.116.64.9 - [10/Apr/2013:00:00:51 +0800] "HEAD / HTTP/1.0" 200 0 "-" "HTTPing v1.4.4"
202.181.134.51 202.116.64.9 - [10/Apr/2013:00:00:52 +0800] "HEAD / HTTP/1.0" 200 0 "-" "HTTPing v1.4.4"
210.184.124.138 202.116.64.9 - [10/Apr/2013:00:00:52 +0800] "HEAD / HTTP/1.0" 200 0 "-" "HTTPing v1.4.4"
158.132.255.57 202.116.64.9 - [10/Apr/2013:00:00:53 +0800] "HEAD / HTTP/1.0" 200 0 "-" "HTTPing v1.4.4"
202.181.134.51 202.116.64.9 - [10/Apr/2013:00:00:53 +0800] "HEAD / HTTP/1.0" 200 0 "-" "HTTPing v1.4.4"
210.184.124.138 202.116.64.9 - [10/Apr/2013:00:00:53 +0800] "HEAD / HTTP/1.0" 200 0 "-" "HTTPing v1.4.4"
113.65.145.94 www.sysu.edu.cn - [10/Apr/2013:00:00:54 +0800] "GET /favicon.ico HTTP/1.1" 200 3638 "-" "Mozilla/5.0 (Windows NT 6.1) AppleWebKit/535.11 (KHTML, like Gecko) Chrome/17.0.963.84 Safari/535.11 SE 2.X MetaSr 1.0"
158.132.255.57 202.116.64.9 - [10/Apr/2013:00:00:54 +0800] "HEAD / HTTP/1.0" 200 0 "-" "HTTPing v1.4.4"
202.181.134.51 202.116.64.9 - [10/Apr/2013:00:00:54 +0800] "HEAD / HTTP/1.0" 200 0 "-" "HTTPing v1.4.4"
210.184.124.138 202.116.64.9 - [10/Apr/2013:00:00:54 +0800] "HEAD / HTTP/1.0" 200 0 "-" "HTTPing v1.4.4"
130.126.255.134 www.sysu.edu.cn - [10/Apr/2013:00:00:55 +0800] "GET / HTTP/1.1" 304 0 "-" "Mozilla/4.0 (compatible; MSIE 8.0; Windows NT 6.1; Trident/4.0; SLCC2; .NET CLR 2.0.50727; .NET CLR 3.5.30729; .NET CLR 3.0.30729; Media Center PC 6.0; InfoPath.2; Maxthon 2.0)"
130.126.255.134 www.sysu.edu.cn - [10/Apr/2013:00:00:55 +0800] "GET /2009/main.css HTTP/1.1" 304 0 "http://www.sysu.edu.cn/" "Mozilla/4.0 (compatible; MSIE 8.0; Windows NT 6.1; Trident/4.0; SLCC2; .NET CLR 2.0.50727; .NET CLR 3.5.30729; .NET CLR 3.0.30729; Media Center PC 6.0; InfoPath.2; Maxthon 2.0)"
158.132.255.57 202.116.64.9 - [10/Apr/2013:00:00:55 +0800] "HEAD / HTTP/1.0" 200 0 "-" "HTTPing v1.4.4"
202.181.134.51 202.116.64.9 - [10/Apr/2013:00:00:55 +0800] "HEAD / HTTP/1.0" 200 0 "-" "HTTPing v1.4.4"
158.132.255.57 www.sysu.edu.cn - [10/Apr/2013:00:00:55 +0800] "GET /2012/images/content/2012-12/20121207172721205283.jpg HTTP/1.1" 404 345 "http://www.sysu.edu.cn/Internet0measurement00visit0www.oneprobe.org00Internet0measurement00visit0www.oneprobe.org00Internet0measurement00visit0www.oneprobe.org00Internet0measurement00visit0www.oneprobe.org00Internet0measurement00visit0www.oneprobe.org00Internet0measurement00visit0www.oneprobe.org00Internet0measurement00visit0www.oneprobe.org00Internet0measurement00visit0www.oneprobe.org00Internet0measurement00visit0www.oneprobe.org00Internet0measurement00visit0www.oneprobe.org00Internet0measurement00visit0www.oneprobe.org00Internet0measurement00visit0www.oneprobe.org00Internet0measurement00visit0www.oneprobe.org00Internet0measurement00visit0www.oneprobe.org00Internet0measurement00visit0www.oneprobe.org00Internet0measurement00visit0www.oneprobe.org00Internet0measurement00visit0www.oneprobe.org00Internet0measurement00visit0www.oneprobe.org00Internet0measurement00visit0www.oneprobe.org00Internet0measurement00visit0www.oneprobe.org00Internet0measurement00visit0www.oneprobe.org00Internet0measurement00visit0www.oneprobe.org0" "Mozilla/4.0"
158.132.255.57 www.sysu.edu.cn - [10/Apr/2013:00:00:55 +0800] "GET /2012/images/content/2012-12/20121207172721205283.jpg HTTP/1.1" 404 345 "http://www.sysu.edu.cn/Internet0measurement00visit0www.oneprobe.org00Internet0measurement00visit0www.oneprobe.org00Internet0measurement00visit0www.oneprobe.org00Internet0measurement00visit0www.oneprobe.org00Internet0measurement00visit0www.oneprobe.org00Internet0measurement00visit0www.oneprobe.org00Internet0measurement00visit0www.oneprobe.org00Internet0measurement00visit0www.oneprobe.org00Internet0measurement00visit0www.oneprobe.org00Internet0measurement00visit0www.oneprobe.org00Internet0measurement00visit0www.oneprobe.org00Internet0measurement00visit0www.oneprobe.org00Internet0measurement00visit0www.oneprobe.org00Internet0measurement00visit0www.oneprobe.org00Internet0measurement00visit0www.oneprobe.org00Internet0measurement00visit0www.oneprobe.org00Internet0measurement00visit0www.oneprobe.org00Internet0measurement00visit0www.oneprobe.org00Internet0measurement00visit0www.oneprobe.org00Internet0measurement00visit0www.oneprobe.org00Internet0measurement00visit0www.oneprobe.org00Internet0measurement00visit0www.oneprobe.org0" "Mozilla/4.0"
158.132.255.57 www.sysu.edu.cn - [10/Apr/2013:00:00:55 +0800] "GET /2012/images/content/2012-12/20121207172721205283.jpg HTTP/1.1" 404 345 "http://www.sysu.edu.cn/Internet0measurement00visit0www.oneprobe.org00Internet0measurement00visit0www.oneprobe.org00Internet0measurement00visit0www.oneprobe.org00Internet0measurement00visit0www.oneprobe.org00Internet0measurement00visit0www.oneprobe.org00Internet0measurement00visit0www.oneprobe.org00Internet0measurement00visit0www.oneprobe.org00Internet0measurement00visit0www.oneprobe.org00Internet0measurement00visit0www.oneprobe.org00Internet0measurement00visit0www.oneprobe.org00Internet0measurement00visit0www.oneprobe.org00Internet0measurement00visit0www.oneprobe.org00Internet0measurement00visit0www.oneprobe.org00Internet0measurement00visit0www.oneprobe.org00Internet0measurement00visit0www.oneprobe.org00Internet0measurement00visit0www.oneprobe.org00Internet0measurement00visit0www.oneprobe.org00Internet0measurement00visit0www.oneprobe.org00Internet0measurement00visit0www.oneprobe.org00Internet0measurement00visit0www.oneprobe.org00Internet0measurement00visit0www.oneprobe.org00Internet0measurement00visit0www.oneprobe.org0" "Mozilla/4.0"
158.132.255.57 www.sysu.edu.cn - [10/Apr/2013:00:00:56 +0800] "GET /2012/images/content/2012-12/20121207172721205283.jpg HTTP/1.1" 404 345 "http://www.sysu.edu.cn/Internet0measurement00visit0www.oneprobe.org00Internet0measurement00visit0www.oneprobe.org00Internet0measurement00visit0www.oneprobe.org00Internet0measurement00visit0www.oneprobe.org00Internet0measurement00visit0www.oneprobe.org00Internet0measurement00visit0www.oneprobe.org00Internet0measurement00visit0www.oneprobe.org00Internet0measurement00visit0www.oneprobe.org00Internet0measurement00visit0www.oneprobe.org00Internet0measurement00visit0www.oneprobe.org00Internet0measurement00visit0www.oneprobe.org00Internet0measurement00visit0www.oneprobe.org00Internet0measurement00visit0www.oneprobe.org00Internet0measurement00visit0www.oneprobe.org00Internet0measurement00visit0www.oneprobe.org00Internet0measurement00visit0www.oneprobe.org00Internet0measurement00visit0www.oneprobe.org00Internet0measurement00visit0www.oneprobe.org00Internet0measurement00visit0www.oneprobe.org00Internet0measurement00visit0www.oneprobe.org00Internet0measurement00visit0www.oneprobe.org00Internet0measurement00visit0www.oneprobe.org0" "Mozilla/4.0"
158.132.255.57 www.sysu.edu.cn - [10/Apr/2013:00:00:56 +0800] "GET /2012/images/content/2012-12/20121207172721205283.jpg HTTP/1.1" 404 345 "http://www.sysu.edu.cn/Internet0measurement00visit0www.oneprobe.org00Internet0measurement00visit0www.oneprobe.org00Internet0measurement00visit0www.oneprobe.org00Internet0measurement00visit0www.oneprobe.org00Internet0measurement00visit0www.oneprobe.org00Internet0measurement00visit0www.oneprobe.org00Internet0measurement00visit0www.oneprobe.org00Internet0measurement00visit0www.oneprobe.org00Internet0measurement00visit0www.oneprobe.org00Internet0measurement00visit0www.oneprobe.org00Internet0measurement00visit0www.oneprobe.org00Internet0measurement00visit0www.oneprobe.org00Internet0measurement00visit0www.oneprobe.org00Internet0measurement00visit0www.oneprobe.org00Internet0measurement00visit0www.oneprobe.org00Internet0measurement00visit0www.oneprobe.org00Internet0measurement00visit0www.oneprobe.org00Internet0measurement00visit0www.oneprobe.org00Internet0measurement00visit0www.oneprobe.org00Internet0measurement00visit0www.oneprobe.org00Internet0measurement00visit0www.oneprobe.org00Internet0measurement00visit0www.oneprobe.org0" "Mozilla/4.0"
